- Error: 'preprocess file testdata/parser/error_cases_old_db_check_query.yaml: template: :1: unexpected "}" in operand'
