- Error: "process 'testdata/parser/error_cases_substitute_after_request_script.yaml': test 'loader MUST fail if cannot substitute afterRequestScriptArgs to request body #1': template: $.afterRequestScript.path:1: unexpected \"}\" in operand"
