- Error: "unmarshal file testdata/parser/error_yaml_read.yaml: yaml: line 1: did not find expected '-' indicator"
