- Error: 'preprocess file testdata/parser/error_cases_db_check_response.yaml: template: :1: unexpected "}" in operand'
