- Error: "process 'testdata/parser/error_old_db_check_without_request.yaml': test 'WHEN use dbResponse without dbQuery MUST fail with error': 'dbResponse' found without corresponding 'dbQuery'"
