- Error: 'preprocess file testdata/parser/error_cases_substitute_request_query.yaml: template: :1: unexpected "}" in operand'
