- Error: "process 'testdata/parser/error_cases_substitute_before_script.yaml': test 'loader MUST fail if cannot substitute beforeScriptArgs to request body #1': template: $.beforeScript.path:1: unexpected \"}\" in operand"
