- Error: "file or directory with tests 'testdata/parser/error_file_not_found.yaml' does not exist"
