- Error: "process 'testdata/parser/error_cases_substitute_response_headers.yaml': test 'loader MUST substitute responseArgs to response components #1': template: $.responseHeaders.200:1: unexpected \"}\" in operand"
