- GetName: share state for two testscase with mocks declaration MUST do nothing
  GetMethod: GET
  Path: /some/path1
  GetRequest: requestbody
  GetFileName: testdata/parser/read_mocks_share_state_3.yaml
  GetLineNumber: 1
  FirstTestInFile: true
  ServiceMocks:
    someservice:
      strategy: nop

- GetName: share state for two testscase with mocks declaration MUST do nothing
  GetMethod: GET
  Path: /some/path2
  GetRequest: requestbody
  GetFileName: testdata/parser/read_mocks_share_state_3.yaml
  GetLineNumber: 11
  LastTestInFile: true
  ServiceMocks:
    someservice:
      strategy: nop
