- GetName: share state for one testscase MUST change nothing
  GetMethod: GET
  Path: /some/path
  GetRequest: requestbody
  GetFileName: testdata/parser/read_mocks_share_state_1.yaml
  GetLineNumber: 1
  FirstTestInFile: true
  LastTestInFile: true
  ServiceMocks:
    someservice:
      strategy: nop

