- GetName: first shared mocks
  GetMethod: GET
  Path: /some/path1
  GetRequest: requestbody
  GetFileName: testdata/parser/read_mocks_share_state_6.yaml
  GetLineNumber: 1
  FirstTestInFile: true
  ServiceMocksParams:
    SkipMocksResetAfterTest: true
  ServiceMocks:
    someservice:
      strategy: nop

- GetName: first shared mocks
  GetMethod: GET
  Path: /some/path2
  GetRequest: requestbody
  GetFileName: testdata/parser/read_mocks_share_state_6.yaml
  GetLineNumber: 11
  ServiceMocksParams:
    SkipMocksResetBeforeTest: true

- GetName: second shared mocks
  GetMethod: GET
  Path: /some/path3
  GetRequest: requestbody
  GetFileName: testdata/parser/read_mocks_share_state_6.yaml
  GetLineNumber: 18
  ServiceMocksParams:
    SkipMocksResetAfterTest: true
  ServiceMocks:
    someservice:
      strategy: nop

- GetName: second shared mocks
  GetMethod: GET
  Path: /some/path4
  GetRequest: requestbody
  GetFileName: testdata/parser/read_mocks_share_state_6.yaml
  GetLineNumber: 28
  LastTestInFile: true
  ServiceMocksParams:
    SkipMocksResetBeforeTest: true
